[playemeralfates.com/index.html]
[backblue.gif]
[fade.gif]
[index.html]
[www.playtonicgames.com/app/plugins/webtoffee-gdpr-cookie-consent/public/css/cookie-law-info-public72e6.css]
[www.playtonicgames.com/app/plugins/webtoffee-gdpr-cookie-consent/public/css/cookie-law-info-gdpr72e6.css]
[scripts.sirv.com/sirvjs/v3/sirv109c.js]
[www.playtonicgames.com/app/themes/sozo/public/css/app-xp4kpf109c.css]
[www.playtonicgames.com/wp/wp-includes/js/jquery/jquery.minf43b.js]
[www.playtonicgames.com/app/plugins/webtoffee-gdpr-cookie-consent/public/js/cookie-law-info-public72e6.js]
[playemeralfates.com/OneSignalSDKUpdaterWorker.6.delayed]
[playemeralfates.com/OneSignalSDKWorker.7.delayed]
[playemeralfates.com/apple-touch-icon.8.delayed]
[playemeralfates.com/favicon-32x32.9.delayed]
[playemeralfates.com/favicon-16x16.a.delayed]
[playemeralfates.com/site.b.delayed]
[playemeralfates.com/safari-pinned-tab.c.delayed]
[use.typekit.net/vkq2rvl.css]
[connect.facebook.net/en_US/fbevents.js]
[www.google-analytics.com/analytics.js]
[playemeralfates.com/emeralfateslogo.png]
[playemeralfates.com/trailer.mp4]
[playemeralfates.com/cookie-policy/index.html]
[www.playtonicgames.com/app/plugins/webtoffee-gdpr-cookie-consent/public/css/cookie-law-info-table72e6.css]
[playemeralfates.com/privacy-policy/index.html]
[www.playtonicgames.com/app/themes/sozo/public/js/app-xp4kpf.js]
[www.playtonicgames.com/app/plugins/perfmatters/vendor/instant-page/pminstantpage.minb2da.js]
[playemeralfates.com/index.html]
[www.playtonicgames.com/app/plugins/webtoffee-gdpr-cookie-consent/public/css/cookie-law-info-public72e6.css]
[www.playtonicgames.com/app/plugins/webtoffee-gdpr-cookie-consent/public/css/cookie-law-info-gdpr72e6.css]
[www.playtonicgames.com/app/themes/sozo/public/css/app-xp4kpf109c.css]
[playemeralfates.com/OneSignalSDKUpdaterWorker.html]
[playemeralfates.com/OneSignalSDKWorker.html]
[playemeralfates.com/apple-touch-icon.html]
[playemeralfates.com/favicon-32x32.html]
[playemeralfates.com/favicon-16x16.html]
[playemeralfates.com/site.html]
[playemeralfates.com/safari-pinned-tab.html]
[cdn.onesignal.com/sdks/OneSignalSDK8a54.js]
[use.typekit.net/af/5265b3/00000000000000007735affc/30/l3eab]
[use.typekit.net/af/5265b3/00000000000000007735affc/30/d3eab]
[use.typekit.net/af/5265b3/00000000000000007735affc/30/a3eab]
[use.typekit.net/af/efb4b1/00000000000000007735c420/30/l3eab]
[use.typekit.net/af/efb4b1/00000000000000007735c420/30/d3eab]
[use.typekit.net/af/efb4b1/00000000000000007735c420/30/a3eab]
[use.typekit.net/af/435145/00000000000000007735c428/30/le196]
[use.typekit.net/af/435145/00000000000000007735c428/30/de196]
[use.typekit.net/af/435145/00000000000000007735c428/30/ae196]
[use.typekit.net/af/6727e5/00000000000000007735c42c/30/l5bba]
[use.typekit.net/af/6727e5/00000000000000007735c42c/30/d5bba]
[use.typekit.net/af/6727e5/00000000000000007735c42c/30/a5bba]
[use.typekit.net/af/bb5c38/00000000000000007735c433/30/l652f]
[use.typekit.net/af/bb5c38/00000000000000007735c433/30/d652f]
[use.typekit.net/af/bb5c38/00000000000000007735c433/30/a652f]
[use.typekit.net/af/cb3d34/00000000000000007735cc39/30/l1f8b]
[use.typekit.net/af/cb3d34/00000000000000007735cc39/30/d1f8b]
[use.typekit.net/vkq2rvl.css]
[use.typekit.net/af/cb3d34/00000000000000007735cc39/30/a1f8b]
[playemeralfates.com/a.2a.delayed]
[playemeralfates.com/POST.2b.delayed]
[playemeralfates.com/b.2c.delayed]
[playemeralfates.com/schema.org/index.html]
[playemeralfates.com/d.2d.delayed]
[playemeralfates.com/signals/iwl.2e.delayed]
[playemeralfates.com/c.2f.delayed]
[playemeralfates.com/c.30.delayed]
[connect.facebook.net/en_US/fbevents.js]
[playemeralfates.com/G17EmeralFATES.rar]
[playemeralfates.com/cookie-policy/index.html]
[playemeralfates.com/privacy-policy/index.html]
[www.playtonicgames.com/app/plugins/webtoffee-gdpr-cookie-consent/public/css/cookie-law-info-table72e6.css]
[p.typekit.net/p2f8a.css]
[playemeralfates.com/a.html]
[playemeralfates.com/POST.html]
[playemeralfates.com/schema.org/index.html]
[playemeralfates.com/b.html]
[playemeralfates.com/d.html]
[playemeralfates.com/signals/iwl.html]
[playemeralfates.com/c.html]
[playemeralfates.com/c-2.html]
